ERC report (2026-08-10T13:48:53, Encoding UTF8)
Report includes: Errors

***** Sheet /
[pin_not_connected]: Pin not connected
    ; error
    @(7400 mils, 4650 mils): Symbol U1 Pin 54 [PD2, Bidirectional, Line]
[pin_not_connected]: Pin not connected
    ; error
    @(7400 mils, 4850 mils): Symbol U1 Pin 8 [PC0, Bidirectional, Line]
[pin_not_connected]: Pin not connected
    ; error
    @(7400 mils, 4950 mils): Symbol U1 Pin 9 [PC1, Bidirectional, Line]
[pin_not_connected]: Pin not connected
    ; error
    @(7400 mils, 5050 mils): Symbol U1 Pin 10 [PC2, Bidirectional, Line]
[pin_not_connected]: Pin not connected
    ; error
    @(7400 mils, 5150 mils): Symbol U1 Pin 11 [PC3, Bidirectional, Line]
[pin_not_connected]: Pin not connected
    ; error
    @(7400 mils, 5350 mils): Symbol U1 Pin 37 [PC6, Bidirectional, Line]
[pin_not_connected]: Pin not connected
    ; error
    @(7400 mils, 5450 mils): Symbol U1 Pin 38 [PC7, Bidirectional, Line]
[pin_not_connected]: Pin not connected
    ; error
    @(7400 mils, 5550 mils): Symbol U1 Pin 39 [PC8, Bidirectional, Line]
[pin_not_connected]: Pin not connected
    ; error
    @(7400 mils, 5650 mils): Symbol U1 Pin 40 [PC9, Bidirectional, Line]
[pin_not_connected]: Pin not connected
    ; error
    @(7400 mils, 5750 mils): Symbol U1 Pin 51 [PC10, Bidirectional, Line]
[pin_not_connected]: Pin not connected
    ; error
    @(7400 mils, 5850 mils): Symbol U1 Pin 52 [PC11, Bidirectional, Line]
[pin_not_connected]: Pin not connected
    ; error
    @(7400 mils, 5950 mils): Symbol U1 Pin 53 [PC12, Bidirectional, Line]
[pin_not_connected]: Pin not connected
    ; error
    @(7400 mils, 6050 mils): Symbol U1 Pin 2 [PC13, Bidirectional, Line]
[pin_not_connected]: Pin not connected
    ; error
    @(7400 mils, 6150 mils): Symbol U1 Pin 3 [PC14, Bidirectional, Line]
[pin_not_connected]: Pin not connected
    ; error
    @(7400 mils, 6250 mils): Symbol U1 Pin 4 [PC15, Bidirectional, Line]
[power_pin_not_driven]: Input Power pin not driven by any Output Power pins
    ; error
    @(8200 mils, 7550 mils): Symbol #PWR01 Pin 1 [Power input, Line]
[power_pin_not_driven]: Input Power pin not driven by any Output Power pins
    ; error
    @(8500 mils, 2150 mils): Symbol #PWR04 Pin 1 [Power input, Line]
[pin_not_connected]: Pin not connected
    ; error
    @(9000 mils, 3950 mils): Symbol U1 Pin 14 [PA0, Bidirectional, Line]
[pin_not_connected]: Pin not connected
    ; error
    @(9000 mils, 4050 mils): Symbol U1 Pin 15 [PA1, Bidirectional, Line]
[pin_not_connected]: Pin not connected
    ; error
    @(9000 mils, 4350 mils): Symbol U1 Pin 20 [PA4, Bidirectional, Line]
[pin_not_connected]: Pin not connected
    ; error
    @(9000 mils, 4750 mils): Symbol U1 Pin 41 [PA8, Bidirectional, Line]
[pin_not_connected]: Pin not connected
    ; error
    @(9000 mils, 4950 mils): Symbol U1 Pin 43 [PA10, Bidirectional, Line]
[pin_not_connected]: Pin not connected
    ; error
    @(9000 mils, 5450 mils): Symbol U1 Pin 50 [PA15, Bidirectional, Line]
[pin_not_connected]: Pin not connected
    ; error
    @(9000 mils, 5850 mils): Symbol U1 Pin 27 [PB2, Bidirectional, Line]
[pin_not_connected]: Pin not connected
    ; error
    @(9000 mils, 5950 mils): Symbol U1 Pin 55 [PB3, Bidirectional, Line]
[pin_not_connected]: Pin not connected
    ; error
    @(9000 mils, 6050 mils): Symbol U1 Pin 56 [PB4, Bidirectional, Line]
[pin_not_connected]: Pin not connected
    ; error
    @(9000 mils, 6150 mils): Symbol U1 Pin 57 [PB5, Bidirectional, Line]
[pin_not_connected]: Pin not connected
    ; error
    @(9000 mils, 6250 mils): Symbol U1 Pin 58 [PB6, Bidirectional, Line]
[pin_not_connected]: Pin not connected
    ; error
    @(9000 mils, 6350 mils): Symbol U1 Pin 59 [PB7, Bidirectional, Line]
[pin_not_connected]: Pin not connected
    ; error
    @(9000 mils, 6450 mils): Symbol U1 Pin 61 [PB8, Bidirectional, Line]
[pin_not_connected]: Pin not connected
    ; error
    @(9000 mils, 6550 mils): Symbol U1 Pin 62 [PB9, Bidirectional, Line]
[pin_not_connected]: Pin not connected
    ; error
    @(9000 mils, 6650 mils): Symbol U1 Pin 28 [PB10, Bidirectional, Line]
[pin_not_connected]: Pin not connected
    ; error
    @(9000 mils, 6750 mils): Symbol U1 Pin 29 [PB11, Bidirectional, Line]
[pin_not_connected]: Pin not connected
    ; error
    @(9000 mils, 6850 mils): Symbol U1 Pin 33 [PB12, Bidirectional, Line]
[pin_not_connected]: Pin not connected
    ; error
    @(9000 mils, 6950 mils): Symbol U1 Pin 34 [PB13, Bidirectional, Line]
[pin_not_connected]: Pin not connected
    ; error
    @(9000 mils, 7050 mils): Symbol U1 Pin 35 [PB14, Bidirectional, Line]
[pin_not_connected]: Pin not connected
    ; error
    @(9000 mils, 7150 mils): Symbol U1 Pin 36 [PB15, Bidirectional, Line]
[power_pin_not_driven]: Input Power pin not driven by any Output Power pins
    ; error
    @(11750 mils, 4450 mils): Symbol #PWR014 Pin 1 [Power input, Line]

 ** ERC messages: 38  Errors 38  Warnings 0

 ** Ignored checks:
    - Global label only appears once in the schematic
    - Four connection points are joined together
    - SPICE model issue
    - Assigned footprint doesn't match footprint filters
